2025-10-14 11:20:57, MOVE, v:1, k:poo@notebook, mode:DOWN
2025-10-14 11:20:59, MOVE, v:1, k:poo@notebook, mode:PICK
2025-10-14 11:21:01, EXEC, v:1, k:poo@notebook, mode:LOCK, rate:100, size:0
2025-10-14 11:39:13, MOVE, v:1, k:poo@notebook, mode:BACK
2025-10-14 16:13:00, MOVE, v:1, k:poo@roupa, mode:PICK
2025-10-14 16:13:01, EXEC, v:1, k:poo@roupa, mode:FULL, rate:0
2025-10-14 16:14:18, EXEC, v:1, k:poo@roupa, mode:FULL, rate:0, size:34
2025-10-14 16:14:26, EXEC, v:1, k:poo@roupa, mode:FULL, rate:0, size:34
2025-10-14 16:18:18, EXEC, v:1, k:poo@roupa, mode:FULL, rate:0, size:34
2025-10-14 16:18:18, EXEC, v:1, k:poo@roupa, mode:FULL, rate:0, size:34
2025-10-14 16:18:19, EXEC, v:1, k:poo@roupa, mode:FULL, rate:0, size:34
2025-10-14 16:18:19, EXEC, v:1, k:poo@roupa, mode:FULL, rate:0, size:34
2025-10-14 16:18:19, EXEC, v:1, k:poo@roupa, mode:FULL, rate:0, size:34
2025-10-14 16:18:19, EXEC, v:1, k:poo@roupa, mode:FULL, rate:0, size:34
2025-10-14 16:18:20, EXEC, v:1, k:poo@roupa, mode:FULL, rate:0, size:34
2025-10-14 16:18:20, EXEC, v:1, k:poo@roupa, mode:FULL, rate:0
2025-10-14 16:18:21, EXEC, v:1, k:poo@roupa, mode:FULL, rate:0
2025-10-14 16:18:44, EXEC, v:1, k:poo@roupa, mode:FULL, rate:0, size:33
2025-10-14 16:18:45, EXEC, v:1, k:poo@roupa, mode:FULL, rate:0
2025-10-14 16:18:47, EXEC, v:1, k:poo@roupa, mode:FULL, rate:0
2025-10-14 16:18:47, EXEC, v:1, k:poo@roupa, mode:FULL, rate:0
2025-10-14 16:18:48, EXEC, v:1, k:poo@roupa, mode:FULL, rate:0
2025-10-14 16:18:48, EXEC, v:1, k:poo@roupa, mode:FULL, rate:0
2025-10-14 16:18:48, EXEC, v:1, k:poo@roupa, mode:FULL, rate:0
2025-10-14 16:18:49, EXEC, v:1, k:poo@roupa, mode:FULL, rate:0
2025-10-14 16:21:23, EXEC, v:1, k:poo@roupa, mode:FULL, rate:0, size:33
2025-10-14 16:21:51, MOVE, v:1, k:poo@roupa, mode:PICK
2025-10-14 16:21:52, EXEC, v:1, k:poo@roupa, mode:FULL, rate:0
2025-10-14 16:23:14, EXEC, v:1, k:poo@roupa, mode:FULL, rate:0
2025-10-14 16:23:15, EXEC, v:1, k:poo@roupa, mode:FULL, rate:0
2025-10-14 16:23:15, EXEC, v:1, k:poo@roupa, mode:FULL, rate:0
2025-10-14 16:23:16, EXEC, v:1, k:poo@roupa, mode:FULL, rate:0
2025-10-14 16:23:21, EXEC, v:1, k:poo@roupa, mode:FULL, rate:0, size:33
2025-10-14 16:23:22, EXEC, v:1, k:poo@roupa, mode:FULL, rate:0
2025-10-14 16:23:52, EXEC, v:1, k:poo@roupa, mode:FULL, rate:0, size:33
2025-10-14 16:23:52, EXEC, v:1, k:poo@roupa, mode:FULL, rate:0, size:33
2025-10-14 16:24:03, EXEC, v:1, k:poo@roupa, mode:FULL, rate:0, size:33
2025-10-14 16:24:04, EXEC, v:1, k:poo@roupa, mode:FULL, rate:0
2025-10-14 16:24:04, EXEC, v:1, k:poo@roupa, mode:FULL, rate:0
2025-10-14 16:24:05, EXEC, v:1, k:poo@roupa, mode:FULL, rate:0
2025-10-14 16:24:05, EXEC, v:1, k:poo@roupa, mode:FULL, rate:0
2025-10-14 16:24:05, EXEC, v:1, k:poo@roupa, mode:FULL, rate:0
2025-10-14 16:24:06, EXEC, v:1, k:poo@roupa, mode:FULL, rate:0
2025-10-14 16:24:06, EXEC, v:1, k:poo@roupa, mode:FULL, rate:0
2025-10-14 16:24:12, EXEC, v:1, k:poo@roupa, mode:FREE
2025-10-14 16:26:40, EXEC, v:1, k:poo@roupa, mode:FULL, rate:0, size:33
2025-10-14 16:27:11, EXEC, v:1, k:poo@roupa, mode:FULL, rate:0, size:33
2025-10-14 16:27:37, EXEC, v:1, k:poo@roupa, mode:FREE
2025-10-14 16:28:42, MOVE, v:1, k:poo@roupa, mode:PICK
2025-10-14 16:28:42, EXEC, v:1, k:poo@roupa, mode:FULL, rate:0, size:33
2025-10-14 16:28:50, EXEC, v:1, k:poo@roupa, mode:FULL, rate:0, size:33
2025-10-14 16:28:57, EXEC, v:1, k:poo@roupa, mode:FULL, rate:0, size:33
2025-10-14 16:28:57, EXEC, v:1, k:poo@roupa, mode:FULL, rate:0, size:33
2025-10-14 16:28:57, EXEC, v:1, k:poo@roupa, mode:FULL, rate:0, size:33
2025-10-14 16:34:38, EXEC, v:1, k:poo@roupa, mode:FREE
2025-10-14 16:37:33, EXEC, v:1, k:poo@roupa, mode:FULL, rate:0, size:33
2025-10-14 16:37:34, EXEC, v:1, k:poo@roupa, mode:FULL, rate:0
2025-10-14 16:37:34, EXEC, v:1, k:poo@roupa, mode:FULL, rate:0
2025-10-14 16:37:34, EXEC, v:1, k:poo@roupa, mode:FULL, rate:0
2025-10-14 16:37:35, EXEC, v:1, k:poo@roupa, mode:FULL, rate:0
2025-10-14 16:37:35, EXEC, v:1, k:poo@roupa, mode:FULL, rate:0
2025-10-14 16:38:19, EXEC, v:1, k:poo@roupa, mode:FREE, size:33
2025-10-14 16:38:41, EXEC, v:1, k:poo@roupa, mode:FULL, rate:0
2025-10-14 16:38:42, EXEC, v:1, k:poo@roupa, mode:FULL, rate:0
2025-10-14 16:38:42, EXEC, v:1, k:poo@roupa, mode:FULL, rate:0
2025-10-14 16:38:42, EXEC, v:1, k:poo@roupa, mode:FULL, rate:0
2025-10-14 16:38:42, EXEC, v:1, k:poo@roupa, mode:FULL, rate:0
2025-10-14 16:38:42, EXEC, v:1, k:poo@roupa, mode:FULL, rate:0
2025-10-14 16:38:42, EXEC, v:1, k:poo@roupa, mode:FULL, rate:0
2025-10-14 16:38:43, EXEC, v:1, k:poo@roupa, mode:FULL, rate:0
2025-10-14 16:38:43, EXEC, v:1, k:poo@roupa, mode:FULL, rate:0
2025-10-14 16:38:43, EXEC, v:1, k:poo@roupa, mode:FULL, rate:0
2025-10-14 16:38:43, EXEC, v:1, k:poo@roupa, mode:FULL, rate:0
2025-10-14 16:38:44, EXEC, v:1, k:poo@roupa, mode:FULL, rate:0
2025-10-14 16:38:44, EXEC, v:1, k:poo@roupa, mode:FULL, rate:0
2025-10-14 16:38:44, EXEC, v:1, k:poo@roupa, mode:FULL, rate:0
2025-10-14 16:38:44, EXEC, v:1, k:poo@roupa, mode:FULL, rate:0
2025-10-14 16:38:55, EXEC, v:1, k:poo@roupa, mode:FULL, rate:0
2025-10-14 16:38:55, EXEC, v:1, k:poo@roupa, mode:FULL, rate:0
2025-10-14 16:38:56, EXEC, v:1, k:poo@roupa, mode:FULL, rate:0
2025-10-14 16:38:56, EXEC, v:1, k:poo@roupa, mode:FULL, rate:0
2025-10-14 16:38:56, EXEC, v:1, k:poo@roupa, mode:FULL, rate:0
2025-10-14 16:39:04, EXEC, v:1, k:poo@roupa, mode:FULL, rate:100, size:33
2025-10-14 16:43:58, MOVE, v:1, k:poo@roupa, mode:BACK
