2025-10-21 10:24:52, MOVE, v:1, k:poo@motoca, mode:PICK
2025-10-21 10:25:04, EXEC, v:1, k:poo@motoca, mode:FREE
2025-10-21 10:33:00, MOVE, v:1, k:poo@motoca, mode:BACK
2025-10-21 10:33:05, MOVE, v:1, k:poo@relogio, mode:PICK
2025-10-21 10:33:06, EXEC, v:1, k:poo@relogio, mode:FULL, rate:100
2025-10-21 10:33:07, EXEC, v:1, k:poo@relogio, mode:FULL, rate:100
2025-10-21 10:33:08, EXEC, v:1, k:poo@relogio, mode:FULL, rate:100
2025-10-21 10:33:29, EXEC, v:1, k:poo@relogio, mode:FULL, rate:100
2025-10-21 10:36:05, MOVE, v:1, k:poo@relogio, mode:BACK
2025-10-21 14:22:51, MOVE, v:1, k:poo@motoca, mode:PICK
2025-10-21 14:22:52, EXEC, v:1, k:poo@motoca, mode:FULL, rate:0
2025-10-21 14:24:21, MOVE, v:1, k:poo@motoca, mode:BACK
2025-10-21 19:53:04, MOVE, v:1, k:poo@roupa, mode:PICK
2025-10-21 20:47:26, MOVE, v:1, k:poo@roupa, mode:BACK
2025-10-21 21:01:20, MOVE, v:1, k:poo@camisa, mode:PICK
2025-10-21 21:01:21, EXEC, v:1, k:poo@camisa, mode:FREE
2025-10-21 21:18:42, EXEC, v:1, k:poo@camisa, mode:FREE
2025-10-21 21:41:03, MOVE, v:1, k:poo@camisa, mode:BACK
2025-10-21 21:41:03, MOVE, v:1, k:poo@camisa, mode:PICK
2025-10-21 21:41:05, MOVE, v:1, k:poo@camisa, mode:BACK
2025-10-21 21:41:08, MOVE, v:1, k:poo@chinela, mode:PICK
2025-10-21 21:42:53, EXEC, v:1, k:poo@chinela, mode:LOCK, rate:0
2025-10-21 22:26:19, MOVE, v:1, k:poo@chinela, mode:BACK
2025-10-21 22:26:20, MOVE, v:1, k:poo@chinela, mode:PICK
2025-10-21 22:26:21, EXEC, v:1, k:poo@chinela, mode:LOCK, rate:0
2025-10-21 22:26:31, EXEC, v:1, k:poo@chinela, mode:LOCK, rate:0
2025-10-21 22:26:32, EXEC, v:1, k:poo@chinela, mode:LOCK, rate:0
2025-10-21 22:26:32, EXEC, v:1, k:poo@chinela, mode:LOCK, rate:0
2025-10-21 22:26:32, EXEC, v:1, k:poo@chinela, mode:LOCK, rate:0
2025-10-21 22:26:32, EXEC, v:1, k:poo@chinela, mode:LOCK, rate:0
2025-10-21 22:26:33, EXEC, v:1, k:poo@chinela, mode:LOCK, rate:0
2025-10-21 22:26:33, EXEC, v:1, k:poo@chinela, mode:LOCK, rate:0
2025-10-21 22:26:50, MOVE, v:1, k:poo@chinela, mode:BACK
2025-10-21 22:32:41, MOVE, v:1, k:poo@relogio, mode:PICK
2025-10-21 23:33:02, EXEC, v:1, k:poo@relogio, mode:FULL, rate:100
2025-10-21 23:33:07, EXEC, v:1, k:poo@relogio, mode:FULL, rate:100
2025-10-21 23:33:07, EXEC, v:1, k:poo@relogio, mode:FULL, rate:100
2025-10-21 23:33:08, EXEC, v:1, k:poo@relogio, mode:FULL, rate:100
2025-10-21 23:33:08, EXEC, v:1, k:poo@relogio, mode:FULL, rate:100
2025-10-21 23:33:09, EXEC, v:1, k:poo@relogio, mode:FULL, rate:100
2025-10-21 23:33:09, EXEC, v:1, k:poo@relogio, mode:FULL, rate:100
2025-10-21 23:33:10, EXEC, v:1, k:poo@relogio, mode:FULL, rate:100
2025-10-21 23:33:10, EXEC, v:1, k:poo@relogio, mode:FULL, rate:100
2025-10-21 23:33:10, EXEC, v:1, k:poo@relogio, mode:FULL, rate:100
