2025-10-16 00:03:40, MOVE, v:1, k:poo@roupa, mode:PICK
2025-10-16 00:03:41, EXEC, v:1, k:poo@roupa, mode:FULL, rate:100, size:33
2025-10-16 00:03:50, MOVE, v:1, k:poo@roupa, mode:BACK
2025-10-16 00:03:51, MOVE, v:1, k:poo@camisa, mode:PICK
2025-10-16 00:03:52, EXEC, v:1, k:poo@camisa, mode:LOCK, rate:0, size:22
2025-10-16 00:03:53, EXEC, v:1, k:poo@camisa, mode:FREE
2025-10-16 00:04:14, EXEC, v:1, k:poo@camisa, mode:LOCK, rate:0
2025-10-16 00:04:24, MOVE, v:1, k:poo@camisa, mode:BACK
2025-10-16 00:04:24, MOVE, v:1, k:poo@camisa, mode:PICK
2025-10-16 00:04:25, MOVE, v:1, k:poo@camisa, mode:BACK
2025-10-16 00:04:25, MOVE, v:1, k:poo@camisa, mode:PICK
2025-10-16 00:04:26, MOVE, v:1, k:poo@camisa, mode:BACK
2025-10-16 00:04:29, MOVE, v:1, k:poo@chinela, mode:PICK
2025-10-16 00:18:29, MOVE, v:1, k:poo@chinela, mode:PICK
2025-10-16 00:18:32, MOVE, v:1, k:poo@chinela, mode:BACK
2025-10-16 00:18:35, MOVE, v:1, k:poo@relogio, mode:PICK
2025-10-16 00:18:36, EXEC, v:1, k:poo@relogio, mode:FULL, rate:100
2025-10-16 00:18:38, MOVE, v:1, k:poo@relogio, mode:BACK
2025-10-16 00:18:39, MOVE, v:1, k:poo@relogio, mode:PICK
2025-10-16 00:18:39, MOVE, v:1, k:poo@relogio, mode:BACK
2025-10-16 00:18:46, MOVE, v:1, k:poo@notebook, mode:PICK
2025-10-16 00:18:47, EXEC, v:1, k:poo@notebook, mode:LOCK, rate:100, size:3
2025-10-16 00:19:30, MOVE, v:1, k:poo@notebook, mode:BACK
2025-10-16 08:43:51, MOVE, v:1, k:poo@notebook, mode:PICK
2025-10-16 08:43:52, EXEC, v:1, k:poo@notebook, mode:LOCK, rate:100
2025-10-16 08:48:18, EXEC, v:1, k:poo@notebook, mode:FREE
2025-10-16 08:49:37, MOVE, v:1, k:poo@notebook, mode:BACK
2025-10-16 08:49:38, MOVE, v:1, k:poo@notebook, mode:PICK
2025-10-16 08:49:38, MOVE, v:1, k:poo@notebook, mode:BACK
2025-10-16 08:49:39, MOVE, v:1, k:poo@notebook, mode:PICK
2025-10-16 08:49:39, MOVE, v:1, k:poo@notebook, mode:BACK
2025-10-16 08:55:43, MOVE, v:1, k:poo@notebook, mode:PICK
2025-10-16 08:57:04, EXEC, v:1, k:poo@notebook, mode:FREE
2025-10-16 09:03:33, MOVE, v:1, k:poo@notebook, mode:BACK
2025-10-16 09:03:33, MOVE, v:1, k:poo@notebook, mode:PICK
2025-10-16 09:03:33, MOVE, v:1, k:poo@notebook, mode:BACK
